[2026-01-24T12:31:14.057+0000] {local_task_job_runner.py:120} INFO - ::group::Pre task execution logs
[2026-01-24T12:31:14.098+0000] {taskinstance.py:2076} INFO - Dependencies all met for dep_context=non-requeueable deps ti=<TaskInstance: reports_etl_dag.extract_sensor_data manual__2026-01-24T12:31:12.529682+00:00 [queued]>
[2026-01-24T12:31:14.105+0000] {taskinstance.py:2076} INFO - Dependencies all met for dep_context=requeueable deps ti=<TaskInstance: reports_etl_dag.extract_sensor_data manual__2026-01-24T12:31:12.529682+00:00 [queued]>
[2026-01-24T12:31:14.106+0000] {taskinstance.py:2306} INFO - Starting attempt 1 of 3
[2026-01-24T12:31:14.118+0000] {taskinstance.py:2330} INFO - Executing <Task(PythonOperator): extract_sensor_data> on 2026-01-24 12:31:12.529682+00:00
[2026-01-24T12:31:14.123+0000] {standard_task_runner.py:63} INFO - Started process 186 to run task
[2026-01-24T12:31:14.127+0000] {standard_task_runner.py:90} INFO - Running: ['***', 'tasks', 'run', 'reports_etl_dag', 'extract_sensor_data', 'manual__2026-01-24T12:31:12.529682+00:00', '--job-id', '177', '--raw', '--subdir', 'DAGS_FOLDER/reports_etl_dag.py', '--cfg-path', '/tmp/tmpx9anpu1a']
[2026-01-24T12:31:14.129+0000] {standard_task_runner.py:91} INFO - Job 177: Subtask extract_sensor_data
[2026-01-24T12:31:14.216+0000] {task_command.py:426} INFO - Running <TaskInstance: reports_etl_dag.extract_sensor_data manual__2026-01-24T12:31:12.529682+00:00 [running]> on host 232384de18f5
[2026-01-24T12:31:14.358+0000] {taskinstance.py:2648} INFO - Exporting env vars: AIRFLOW_CTX_DAG_OWNER='bionicpro' AIRFLOW_CTX_DAG_ID='reports_etl_dag' AIRFLOW_CTX_TASK_ID='extract_sensor_data' AIRFLOW_CTX_EXECUTION_DATE='2026-01-24T12:31:12.529682+00:00' AIRFLOW_CTX_TRY_NUMBER='1' AIRFLOW_CTX_DAG_RUN_ID='manual__2026-01-24T12:31:12.529682+00:00'
[2026-01-24T12:31:14.359+0000] {taskinstance.py:430} INFO - ::endgroup::
[2026-01-24T12:31:14.375+0000] {logging_mixin.py:188} WARNING - /home/***/.local/lib/python3.9/site-packages/***/utils/context.py:320 AirflowContextDeprecationWarning: Accessing 'execution_date' from the template is deprecated and will be removed in a future version. Please use 'data_interval_start' or 'logical_date' instead.
[2026-01-24T12:31:14.386+0000] {crypto.py:82} WARNING - empty cryptography key - values will not be stored encrypted.
[2026-01-24T12:31:14.386+0000] {base.py:84} INFO - Using connection ID 'postgres_sensors' for task execution.
[2026-01-24T12:31:14.406+0000] {sql.py:470} INFO - Running statement: 
    SELECT 
        user_id,
        device_id,
        timestamp,
        sensor_type,
        sensor_value,
        movement_type,
        movement_count,
        usage_duration_seconds
    FROM sensor_telemetry
    WHERE timestamp >= %s AND timestamp < %s
    ORDER BY user_id, timestamp
    , parameters: [DateTime(2026, 1, 23, 12, 31, 12, 529682, tzinfo=Timezone('UTC')), <Proxy at 0x7779621af9c0 wrapping DateTime(2026, 1, 24, 12, 31, 12, 529682, tzinfo=Timezone('UTC')) at 0x77796227e770 with factory functools.partial(<function lazy_mapping_from_context.<locals>._deprecated_proxy_factory at 0x7779621e48b0>, 'execution_date', DateTime(2026, 1, 24, 12, 31, 12, 529682, tzinfo=Timezone('UTC')))>]
[2026-01-24T12:31:14.407+0000] {taskinstance.py:441} INFO - ::group::Post task execution logs
[2026-01-24T12:31:14.407+0000] {taskinstance.py:2905} ERROR - Task failed with exception
Traceback (most recent call last):
  File "/home/airflow/.local/lib/python3.9/site-packages/airflow/models/taskinstance.py", line 465, in _execute_task
    result = _execute_callable(context=context, **execute_callable_kwargs)
  File "/home/airflow/.local/lib/python3.9/site-packages/airflow/models/taskinstance.py", line 432, in _execute_callable
    return execute_callable(context=context, **execute_callable_kwargs)
  File "/home/airflow/.local/lib/python3.9/site-packages/airflow/models/baseoperator.py", line 400, in wrapper
    return func(self, *args, **kwargs)
  File "/home/airflow/.local/lib/python3.9/site-packages/airflow/operators/python.py", line 235, in execute
    return_value = self.execute_callable()
  File "/home/airflow/.local/lib/python3.9/site-packages/airflow/operators/python.py", line 252, in execute_callable
    return self.python_callable(*self.op_args, **self.op_kwargs)
  File "/opt/airflow/dags/reports_etl_dag.py", line 84, in extract_sensor_data
    records = postgres_hook.get_records(query, parameters=[start_date, end_date])
  File "/home/airflow/.local/lib/python3.9/site-packages/airflow/providers/common/sql/hooks/sql.py", line 283, in get_records
    return self.run(sql=sql, parameters=parameters, handler=fetch_all_handler)
  File "/home/airflow/.local/lib/python3.9/site-packages/airflow/providers/common/sql/hooks/sql.py", line 418, in run
    self._run_command(cur, sql_statement, parameters)
  File "/home/airflow/.local/lib/python3.9/site-packages/airflow/providers/common/sql/hooks/sql.py", line 473, in _run_command
    cur.execute(sql_statement, parameters)
psycopg2.ProgrammingError: can't adapt type 'Proxy'
[2026-01-24T12:31:14.431+0000] {taskinstance.py:1206} INFO - Marking task as UP_FOR_RETRY. dag_id=reports_etl_dag, task_id=extract_sensor_data, run_id=manual__2026-01-24T12:31:12.529682+00:00, execution_date=20260124T123112, start_date=20260124T123114, end_date=20260124T123114
[2026-01-24T12:31:14.444+0000] {standard_task_runner.py:110} ERROR - Failed to execute job 177 for task extract_sensor_data (can't adapt type 'Proxy'; 186)
[2026-01-24T12:31:14.461+0000] {local_task_job_runner.py:240} INFO - Task exited with return code 1
[2026-01-24T12:31:14.496+0000] {taskinstance.py:3498} INFO - 0 downstream tasks scheduled from follow-on schedule check
[2026-01-24T12:31:14.498+0000] {local_task_job_runner.py:222} INFO - ::endgroup::
