[2026-01-24T12:44:39.500+0000] {local_task_job_runner.py:120} INFO - ::group::Pre task execution logs
[2026-01-24T12:44:39.543+0000] {taskinstance.py:2076} INFO - Dependencies all met for dep_context=non-requeueable deps ti=<TaskInstance: reports_etl_dag.extract_sensor_data manual__2026-01-24T12:44:38.644458+00:00 [queued]>
[2026-01-24T12:44:39.552+0000] {taskinstance.py:2076} INFO - Dependencies all met for dep_context=requeueable deps ti=<TaskInstance: reports_etl_dag.extract_sensor_data manual__2026-01-24T12:44:38.644458+00:00 [queued]>
[2026-01-24T12:44:39.552+0000] {taskinstance.py:2306} INFO - Starting attempt 1 of 3
[2026-01-24T12:44:39.567+0000] {taskinstance.py:2330} INFO - Executing <Task(PythonOperator): extract_sensor_data> on 2026-01-24 12:44:38.644458+00:00
[2026-01-24T12:44:39.573+0000] {standard_task_runner.py:63} INFO - Started process 345 to run task
[2026-01-24T12:44:39.577+0000] {standard_task_runner.py:90} INFO - Running: ['***', 'tasks', 'run', 'reports_etl_dag', 'extract_sensor_data', 'manual__2026-01-24T12:44:38.644458+00:00', '--job-id', '226', '--raw', '--subdir', 'DAGS_FOLDER/reports_etl_dag.py', '--cfg-path', '/tmp/tmpk2o3qdl1']
[2026-01-24T12:44:39.579+0000] {standard_task_runner.py:91} INFO - Job 226: Subtask extract_sensor_data
[2026-01-24T12:44:39.679+0000] {task_command.py:426} INFO - Running <TaskInstance: reports_etl_dag.extract_sensor_data manual__2026-01-24T12:44:38.644458+00:00 [running]> on host 616c3cccc8fa
[2026-01-24T12:44:39.847+0000] {taskinstance.py:2648} INFO - Exporting env vars: AIRFLOW_CTX_DAG_OWNER='bionicpro' AIRFLOW_CTX_DAG_ID='reports_etl_dag' AIRFLOW_CTX_TASK_ID='extract_sensor_data' AIRFLOW_CTX_EXECUTION_DATE='2026-01-24T12:44:38.644458+00:00' AIRFLOW_CTX_TRY_NUMBER='1' AIRFLOW_CTX_DAG_RUN_ID='manual__2026-01-24T12:44:38.644458+00:00'
[2026-01-24T12:44:39.848+0000] {taskinstance.py:430} INFO - ::endgroup::
[2026-01-24T12:44:39.872+0000] {logging_mixin.py:188} WARNING - /home/***/.local/lib/python3.9/site-packages/***/utils/context.py:320 AirflowContextDeprecationWarning: Accessing 'execution_date' from the template is deprecated and will be removed in a future version. Please use 'data_interval_start' or 'logical_date' instead.
[2026-01-24T12:44:39.886+0000] {crypto.py:82} WARNING - empty cryptography key - values will not be stored encrypted.
[2026-01-24T12:44:39.887+0000] {base.py:84} INFO - Using connection ID 'postgres_sensors' for task execution.
[2026-01-24T12:44:39.909+0000] {sql.py:470} INFO - Running statement: 
    SELECT 
        user_id,
        device_id,
        timestamp,
        sensor_type,
        sensor_value,
        movement_type,
        movement_count,
        usage_duration_seconds
    FROM sensor_telemetry
    WHERE timestamp >= %s AND timestamp < %s
    ORDER BY user_id, timestamp
    , parameters: [DateTime(2026, 1, 23, 12, 44, 38, 644458), DateTime(2026, 1, 24, 12, 44, 38, 644458)]
[2026-01-24T12:44:39.913+0000] {sql.py:479} INFO - Rows affected: 14
[2026-01-24T12:44:39.932+0000] {logging_mixin.py:188} INFO - Извлечено 14 записей данных датчиков за период 2026-01-23 12:44:38.644458 - 2026-01-24 12:44:38.644458
[2026-01-24T12:44:39.933+0000] {python.py:237} INFO - Done. Returned value was: /tmp/sensor_data_20260124.parquet
[2026-01-24T12:44:39.933+0000] {taskinstance.py:441} INFO - ::group::Post task execution logs
[2026-01-24T12:44:39.985+0000] {taskinstance.py:1206} INFO - Marking task as SUCCESS. dag_id=reports_etl_dag, task_id=extract_sensor_data, run_id=manual__2026-01-24T12:44:38.644458+00:00, execution_date=20260124T124438, start_date=20260124T124439, end_date=20260124T124439
[2026-01-24T12:44:40.030+0000] {local_task_job_runner.py:240} INFO - Task exited with return code 0
[2026-01-24T12:44:40.071+0000] {taskinstance.py:3498} INFO - 0 downstream tasks scheduled from follow-on schedule check
[2026-01-24T12:44:40.073+0000] {local_task_job_runner.py:222} INFO - ::endgroup::
