[2026-01-24T12:42:52.404+0000] {local_task_job_runner.py:120} INFO - ::group::Pre task execution logs
[2026-01-24T12:42:52.463+0000] {taskinstance.py:2076} INFO - Dependencies all met for dep_context=non-requeueable deps ti=<TaskInstance: reports_etl_dag.extract_crm_data scheduled__2026-01-24T12:39:00+00:00 [queued]>
[2026-01-24T12:42:52.472+0000] {taskinstance.py:2076} INFO - Dependencies all met for dep_context=requeueable deps ti=<TaskInstance: reports_etl_dag.extract_crm_data scheduled__2026-01-24T12:39:00+00:00 [queued]>
[2026-01-24T12:42:52.473+0000] {taskinstance.py:2306} INFO - Starting attempt 1 of 3
[2026-01-24T12:42:52.486+0000] {taskinstance.py:2330} INFO - Executing <Task(PythonOperator): extract_crm_data> on 2026-01-24 12:39:00+00:00
[2026-01-24T12:42:52.491+0000] {standard_task_runner.py:63} INFO - Started process 184 to run task
[2026-01-24T12:42:52.494+0000] {standard_task_runner.py:90} INFO - Running: ['***', 'tasks', 'run', 'reports_etl_dag', 'extract_crm_data', 'scheduled__2026-01-24T12:39:00+00:00', '--job-id', '217', '--raw', '--subdir', 'DAGS_FOLDER/reports_etl_dag.py', '--cfg-path', '/tmp/tmpvw5a0wbd']
[2026-01-24T12:42:52.497+0000] {standard_task_runner.py:91} INFO - Job 217: Subtask extract_crm_data
[2026-01-24T12:42:52.594+0000] {task_command.py:426} INFO - Running <TaskInstance: reports_etl_dag.extract_crm_data scheduled__2026-01-24T12:39:00+00:00 [running]> on host 616c3cccc8fa
[2026-01-24T12:42:52.743+0000] {taskinstance.py:2648} INFO - Exporting env vars: AIRFLOW_CTX_DAG_OWNER='bionicpro' AIRFLOW_CTX_DAG_ID='reports_etl_dag' AIRFLOW_CTX_TASK_ID='extract_crm_data' AIRFLOW_CTX_EXECUTION_DATE='2026-01-24T12:39:00+00:00' AIRFLOW_CTX_TRY_NUMBER='1' AIRFLOW_CTX_DAG_RUN_ID='scheduled__2026-01-24T12:39:00+00:00'
[2026-01-24T12:42:52.744+0000] {taskinstance.py:430} INFO - ::endgroup::
[2026-01-24T12:42:52.758+0000] {logging_mixin.py:188} WARNING - /home/***/.local/lib/python3.9/site-packages/***/utils/context.py:320 AirflowContextDeprecationWarning: Accessing 'execution_date' from the template is deprecated and will be removed in a future version. Please use 'data_interval_start' or 'logical_date' instead.
[2026-01-24T12:42:52.759+0000] {logging_mixin.py:188} INFO - Предупреждение: файл /data/crm/users.csv не найден
[2026-01-24T12:42:52.759+0000] {logging_mixin.py:188} INFO - Предупреждение: файл /data/crm/orders.csv не найден
[2026-01-24T12:42:52.760+0000] {logging_mixin.py:188} INFO - Предупреждение: файл /data/crm/maintenance_history.csv не найден
[2026-01-24T12:42:52.760+0000] {python.py:237} INFO - Done. Returned value was: {}
[2026-01-24T12:42:52.760+0000] {taskinstance.py:441} INFO - ::group::Post task execution logs
[2026-01-24T12:42:52.831+0000] {taskinstance.py:1206} INFO - Marking task as SUCCESS. dag_id=reports_etl_dag, task_id=extract_crm_data, run_id=scheduled__2026-01-24T12:39:00+00:00, execution_date=20260124T123900, start_date=20260124T124252, end_date=20260124T124252
[2026-01-24T12:42:52.868+0000] {local_task_job_runner.py:240} INFO - Task exited with return code 0
[2026-01-24T12:42:52.904+0000] {taskinstance.py:3498} INFO - 0 downstream tasks scheduled from follow-on schedule check
[2026-01-24T12:42:52.906+0000] {local_task_job_runner.py:222} INFO - ::endgroup::
