[2026-01-24T18:57:04.427+0000] {local_task_job_runner.py:120} INFO - ::group::Pre task execution logs
[2026-01-24T18:57:04.466+0000] {taskinstance.py:2076} INFO - Dependencies all met for dep_context=non-requeueable deps ti=<TaskInstance: reports_etl_dag.load_to_clickhouse scheduled__2026-01-24T18:54:00+00:00 [queued]>
[2026-01-24T18:57:04.474+0000] {taskinstance.py:2076} INFO - Dependencies all met for dep_context=requeueable deps ti=<TaskInstance: reports_etl_dag.load_to_clickhouse scheduled__2026-01-24T18:54:00+00:00 [queued]>
[2026-01-24T18:57:04.474+0000] {taskinstance.py:2306} INFO - Starting attempt 1 of 3
[2026-01-24T18:57:04.487+0000] {taskinstance.py:2330} INFO - Executing <Task(PythonOperator): load_to_clickhouse> on 2026-01-24 18:54:00+00:00
[2026-01-24T18:57:04.492+0000] {standard_task_runner.py:63} INFO - Started process 371 to run task
[2026-01-24T18:57:04.494+0000] {standard_task_runner.py:90} INFO - Running: ['***', 'tasks', 'run', 'reports_etl_dag', 'load_to_clickhouse', 'scheduled__2026-01-24T18:54:00+00:00', '--job-id', '276', '--raw', '--subdir', 'DAGS_FOLDER/reports_etl_dag.py', '--cfg-path', '/tmp/tmpxn0llhm6']
[2026-01-24T18:57:04.496+0000] {standard_task_runner.py:91} INFO - Job 276: Subtask load_to_clickhouse
[2026-01-24T18:57:04.582+0000] {task_command.py:426} INFO - Running <TaskInstance: reports_etl_dag.load_to_clickhouse scheduled__2026-01-24T18:54:00+00:00 [running]> on host ce9110ae54d2
[2026-01-24T18:57:04.721+0000] {taskinstance.py:2648} INFO - Exporting env vars: AIRFLOW_CTX_DAG_OWNER='bionicpro' AIRFLOW_CTX_DAG_ID='reports_etl_dag' AIRFLOW_CTX_TASK_ID='load_to_clickhouse' AIRFLOW_CTX_EXECUTION_DATE='2026-01-24T18:54:00+00:00' AIRFLOW_CTX_TRY_NUMBER='1' AIRFLOW_CTX_DAG_RUN_ID='scheduled__2026-01-24T18:54:00+00:00'
[2026-01-24T18:57:04.722+0000] {taskinstance.py:430} INFO - ::endgroup::
[2026-01-24T18:57:04.735+0000] {logging_mixin.py:188} WARNING - /home/***/.local/lib/python3.9/site-packages/***/utils/context.py:320 AirflowContextDeprecationWarning: Accessing 'execution_date' from the template is deprecated and will be removed in a future version. Please use 'data_interval_start' or 'logical_date' instead.
[2026-01-24T18:57:04.791+0000] {logging_mixin.py:188} INFO - Таблица user_reports_mart создана или уже существует
[2026-01-24T18:57:04.805+0000] {logging_mixin.py:188} INFO - Загружено 6 записей в ClickHouse таблицу user_reports_mart
[2026-01-24T18:57:04.808+0000] {logging_mixin.py:188} INFO - Всего записей в витрине: 18
[2026-01-24T18:57:04.808+0000] {python.py:237} INFO - Done. Returned value was: None
[2026-01-24T18:57:04.808+0000] {taskinstance.py:441} INFO - ::group::Post task execution logs
[2026-01-24T18:57:04.828+0000] {taskinstance.py:1206} INFO - Marking task as SUCCESS. dag_id=reports_etl_dag, task_id=load_to_clickhouse, run_id=scheduled__2026-01-24T18:54:00+00:00, execution_date=20260124T185400, start_date=20260124T185704, end_date=20260124T185704
[2026-01-24T18:57:04.871+0000] {local_task_job_runner.py:240} INFO - Task exited with return code 0
[2026-01-24T18:57:04.902+0000] {taskinstance.py:3498} INFO - 0 downstream tasks scheduled from follow-on schedule check
[2026-01-24T18:57:04.904+0000] {local_task_job_runner.py:222} INFO - ::endgroup::
