[2026-01-24T10:55:03.947+0000] {local_task_job_runner.py:120} INFO - ::group::Pre task execution logs
[2026-01-24T10:55:03.986+0000] {taskinstance.py:2076} INFO - Dependencies all met for dep_context=non-requeueable deps ti=<TaskInstance: reports_etl_dag.extract_sensor_data scheduled__2026-01-24T10:42:00+00:00 [queued]>
[2026-01-24T10:55:03.994+0000] {taskinstance.py:2076} INFO - Dependencies all met for dep_context=requeueable deps ti=<TaskInstance: reports_etl_dag.extract_sensor_data scheduled__2026-01-24T10:42:00+00:00 [queued]>
[2026-01-24T10:55:03.994+0000] {taskinstance.py:2306} INFO - Starting attempt 3 of 3
[2026-01-24T10:55:04.007+0000] {taskinstance.py:2330} INFO - Executing <Task(PythonOperator): extract_sensor_data> on 2026-01-24 10:42:00+00:00
[2026-01-24T10:55:04.011+0000] {standard_task_runner.py:63} INFO - Started process 2030 to run task
[2026-01-24T10:55:04.014+0000] {standard_task_runner.py:90} INFO - Running: ['***', 'tasks', 'run', 'reports_etl_dag', 'extract_sensor_data', 'scheduled__2026-01-24T10:42:00+00:00', '--job-id', '29', '--raw', '--subdir', 'DAGS_FOLDER/reports_etl_dag.py', '--cfg-path', '/tmp/tmp9qa12vjq']
[2026-01-24T10:55:04.016+0000] {standard_task_runner.py:91} INFO - Job 29: Subtask extract_sensor_data
[2026-01-24T10:55:04.098+0000] {task_command.py:426} INFO - Running <TaskInstance: reports_etl_dag.extract_sensor_data scheduled__2026-01-24T10:42:00+00:00 [running]> on host ebff5c558879
[2026-01-24T10:55:04.229+0000] {taskinstance.py:2648} INFO - Exporting env vars: AIRFLOW_CTX_DAG_OWNER='bionicpro' AIRFLOW_CTX_DAG_ID='reports_etl_dag' AIRFLOW_CTX_TASK_ID='extract_sensor_data' AIRFLOW_CTX_EXECUTION_DATE='2026-01-24T10:42:00+00:00' AIRFLOW_CTX_TRY_NUMBER='3' AIRFLOW_CTX_DAG_RUN_ID='scheduled__2026-01-24T10:42:00+00:00'
[2026-01-24T10:55:04.230+0000] {taskinstance.py:430} INFO - ::endgroup::
[2026-01-24T10:55:04.244+0000] {logging_mixin.py:188} WARNING - /home/***/.local/lib/python3.9/site-packages/***/utils/context.py:320 AirflowContextDeprecationWarning: Accessing 'execution_date' from the template is deprecated and will be removed in a future version. Please use 'data_interval_start' or 'logical_date' instead.
[2026-01-24T10:55:04.253+0000] {taskinstance.py:441} INFO - ::group::Post task execution logs
[2026-01-24T10:55:04.254+0000] {taskinstance.py:2905} ERROR - Task failed with exception
Traceback (most recent call last):
  File "/home/airflow/.local/lib/python3.9/site-packages/airflow/models/taskinstance.py", line 465, in _execute_task
    result = _execute_callable(context=context, **execute_callable_kwargs)
  File "/home/airflow/.local/lib/python3.9/site-packages/airflow/models/taskinstance.py", line 432, in _execute_callable
    return execute_callable(context=context, **execute_callable_kwargs)
  File "/home/airflow/.local/lib/python3.9/site-packages/airflow/models/baseoperator.py", line 400, in wrapper
    return func(self, *args, **kwargs)
  File "/home/airflow/.local/lib/python3.9/site-packages/airflow/operators/python.py", line 235, in execute
    return_value = self.execute_callable()
  File "/home/airflow/.local/lib/python3.9/site-packages/airflow/operators/python.py", line 252, in execute_callable
    return self.python_callable(*self.op_args, **self.op_kwargs)
  File "/opt/airflow/dags/reports_etl_dag.py", line 83, in extract_sensor_data
    df = postgres_hook.get_pandas_sql(query, parameters=[start_date, end_date])
AttributeError: 'PostgresHook' object has no attribute 'get_pandas_sql'
[2026-01-24T10:55:04.277+0000] {taskinstance.py:1206} INFO - Marking task as FAILED. dag_id=reports_etl_dag, task_id=extract_sensor_data, run_id=scheduled__2026-01-24T10:42:00+00:00, execution_date=20260124T104200, start_date=20260124T105503, end_date=20260124T105504
[2026-01-24T10:55:04.289+0000] {standard_task_runner.py:110} ERROR - Failed to execute job 29 for task extract_sensor_data ('PostgresHook' object has no attribute 'get_pandas_sql'; 2030)
[2026-01-24T10:55:04.306+0000] {local_task_job_runner.py:240} INFO - Task exited with return code 1
[2026-01-24T10:55:04.341+0000] {taskinstance.py:3498} INFO - 0 downstream tasks scheduled from follow-on schedule check
[2026-01-24T10:55:04.345+0000] {local_task_job_runner.py:222} INFO - ::endgroup::
