[2026-01-24T19:06:03.589+0000] {local_task_job_runner.py:120} INFO - ::group::Pre task execution logs
[2026-01-24T19:06:03.630+0000] {taskinstance.py:2076} INFO - Dependencies all met for dep_context=non-requeueable deps ti=<TaskInstance: reports_etl_dag.load_to_clickhouse scheduled__2026-01-24T19:03:00+00:00 [queued]>
[2026-01-24T19:06:03.637+0000] {taskinstance.py:2076} INFO - Dependencies all met for dep_context=requeueable deps ti=<TaskInstance: reports_etl_dag.load_to_clickhouse scheduled__2026-01-24T19:03:00+00:00 [queued]>
[2026-01-24T19:06:03.638+0000] {taskinstance.py:2306} INFO - Starting attempt 1 of 3
[2026-01-24T19:06:03.650+0000] {taskinstance.py:2330} INFO - Executing <Task(PythonOperator): load_to_clickhouse> on 2026-01-24 19:03:00+00:00
[2026-01-24T19:06:03.655+0000] {standard_task_runner.py:63} INFO - Started process 736 to run task
[2026-01-24T19:06:03.657+0000] {standard_task_runner.py:90} INFO - Running: ['***', 'tasks', 'run', 'reports_etl_dag', 'load_to_clickhouse', 'scheduled__2026-01-24T19:03:00+00:00', '--job-id', '289', '--raw', '--subdir', 'DAGS_FOLDER/reports_etl_dag.py', '--cfg-path', '/tmp/tmpbjjo8d1s']
[2026-01-24T19:06:03.659+0000] {standard_task_runner.py:91} INFO - Job 289: Subtask load_to_clickhouse
[2026-01-24T19:06:03.749+0000] {task_command.py:426} INFO - Running <TaskInstance: reports_etl_dag.load_to_clickhouse scheduled__2026-01-24T19:03:00+00:00 [running]> on host ce9110ae54d2
[2026-01-24T19:06:03.896+0000] {taskinstance.py:2648} INFO - Exporting env vars: AIRFLOW_CTX_DAG_OWNER='bionicpro' AIRFLOW_CTX_DAG_ID='reports_etl_dag' AIRFLOW_CTX_TASK_ID='load_to_clickhouse' AIRFLOW_CTX_EXECUTION_DATE='2026-01-24T19:03:00+00:00' AIRFLOW_CTX_TRY_NUMBER='1' AIRFLOW_CTX_DAG_RUN_ID='scheduled__2026-01-24T19:03:00+00:00'
[2026-01-24T19:06:03.897+0000] {taskinstance.py:430} INFO - ::endgroup::
[2026-01-24T19:06:03.911+0000] {logging_mixin.py:188} WARNING - /home/***/.local/lib/python3.9/site-packages/***/utils/context.py:320 AirflowContextDeprecationWarning: Accessing 'execution_date' from the template is deprecated and will be removed in a future version. Please use 'data_interval_start' or 'logical_date' instead.
[2026-01-24T19:06:03.971+0000] {logging_mixin.py:188} INFO - Таблица user_reports_mart создана или уже существует
[2026-01-24T19:06:03.986+0000] {logging_mixin.py:188} INFO - Загружено 6 записей в ClickHouse таблицу user_reports_mart
[2026-01-24T19:06:03.990+0000] {logging_mixin.py:188} INFO - Всего записей в витрине: 42
[2026-01-24T19:06:03.990+0000] {python.py:237} INFO - Done. Returned value was: None
[2026-01-24T19:06:03.991+0000] {taskinstance.py:441} INFO - ::group::Post task execution logs
[2026-01-24T19:06:04.014+0000] {taskinstance.py:1206} INFO - Marking task as SUCCESS. dag_id=reports_etl_dag, task_id=load_to_clickhouse, run_id=scheduled__2026-01-24T19:03:00+00:00, execution_date=20260124T190300, start_date=20260124T190603, end_date=20260124T190604
[2026-01-24T19:06:04.046+0000] {local_task_job_runner.py:240} INFO - Task exited with return code 0
[2026-01-24T19:06:04.080+0000] {taskinstance.py:3498} INFO - 0 downstream tasks scheduled from follow-on schedule check
[2026-01-24T19:06:04.082+0000] {local_task_job_runner.py:222} INFO - ::endgroup::
