[2026-01-24T18:53:47.100+0000] {local_task_job_runner.py:120} INFO - ::group::Pre task execution logs
[2026-01-24T18:53:46.551+0000] {taskinstance.py:2076} INFO - Dependencies all met for dep_context=non-requeueable deps ti=<TaskInstance: reports_etl_dag.load_to_clickhouse scheduled__2026-01-24T12:42:00+00:00 [queued]>
[2026-01-24T18:53:46.561+0000] {taskinstance.py:2076} INFO - Dependencies all met for dep_context=requeueable deps ti=<TaskInstance: reports_etl_dag.load_to_clickhouse scheduled__2026-01-24T12:42:00+00:00 [queued]>
[2026-01-24T18:53:46.561+0000] {taskinstance.py:2306} INFO - Starting attempt 3 of 3
[2026-01-24T18:53:46.579+0000] {taskinstance.py:2330} INFO - Executing <Task(PythonOperator): load_to_clickhouse> on 2026-01-24 12:42:00+00:00
[2026-01-24T18:53:46.586+0000] {standard_task_runner.py:63} INFO - Started process 192 to run task
[2026-01-24T18:53:46.591+0000] {standard_task_runner.py:90} INFO - Running: ['***', 'tasks', 'run', 'reports_etl_dag', 'load_to_clickhouse', 'scheduled__2026-01-24T12:42:00+00:00', '--job-id', '261', '--raw', '--subdir', 'DAGS_FOLDER/reports_etl_dag.py', '--cfg-path', '/tmp/tmp1city627']
[2026-01-24T18:53:46.594+0000] {standard_task_runner.py:91} INFO - Job 261: Subtask load_to_clickhouse
[2026-01-24T18:53:45.785+0000] {task_command.py:426} INFO - Running <TaskInstance: reports_etl_dag.load_to_clickhouse scheduled__2026-01-24T12:42:00+00:00 [running]> on host ce9110ae54d2
[2026-01-24T18:53:45.982+0000] {taskinstance.py:2648} INFO - Exporting env vars: AIRFLOW_CTX_DAG_OWNER='bionicpro' AIRFLOW_CTX_DAG_ID='reports_etl_dag' AIRFLOW_CTX_TASK_ID='load_to_clickhouse' AIRFLOW_CTX_EXECUTION_DATE='2026-01-24T12:42:00+00:00' AIRFLOW_CTX_TRY_NUMBER='3' AIRFLOW_CTX_DAG_RUN_ID='scheduled__2026-01-24T12:42:00+00:00'
[2026-01-24T18:53:45.984+0000] {taskinstance.py:430} INFO - ::endgroup::
[2026-01-24T18:53:46.014+0000] {logging_mixin.py:188} WARNING - /home/***/.local/lib/python3.9/site-packages/***/utils/context.py:320 AirflowContextDeprecationWarning: Accessing 'execution_date' from the template is deprecated and will be removed in a future version. Please use 'data_interval_start' or 'logical_date' instead.
[2026-01-24T18:53:46.087+0000] {taskinstance.py:441} INFO - ::group::Post task execution logs
[2026-01-24T18:53:46.088+0000] {taskinstance.py:2905} ERROR - Task failed with exception
Traceback (most recent call last):
  File "/home/airflow/.local/lib/python3.9/site-packages/airflow/models/taskinstance.py", line 465, in _execute_task
    result = _execute_callable(context=context, **execute_callable_kwargs)
  File "/home/airflow/.local/lib/python3.9/site-packages/airflow/models/taskinstance.py", line 432, in _execute_callable
    return execute_callable(context=context, **execute_callable_kwargs)
  File "/home/airflow/.local/lib/python3.9/site-packages/airflow/models/baseoperator.py", line 400, in wrapper
    return func(self, *args, **kwargs)
  File "/home/airflow/.local/lib/python3.9/site-packages/airflow/operators/python.py", line 235, in execute
    return_value = self.execute_callable()
  File "/home/airflow/.local/lib/python3.9/site-packages/airflow/operators/python.py", line 252, in execute_callable
    return self.python_callable(*self.op_args, **self.op_kwargs)
  File "/opt/airflow/dags/reports_etl_dag.py", line 265, in load_to_clickhouse
    df = pd.read_parquet(transformed_data_path)
  File "/home/airflow/.local/lib/python3.9/site-packages/pandas/io/parquet.py", line 670, in read_parquet
    return impl.read(
  File "/home/airflow/.local/lib/python3.9/site-packages/pandas/io/parquet.py", line 265, in read
    path_or_handle, handles, filesystem = _get_path_or_handle(
  File "/home/airflow/.local/lib/python3.9/site-packages/pandas/io/parquet.py", line 139, in _get_path_or_handle
    handles = get_handle(
  File "/home/airflow/.local/lib/python3.9/site-packages/pandas/io/common.py", line 872, in get_handle
    handle = open(handle, ioargs.mode)
FileNotFoundError: [Errno 2] No such file or directory: '/tmp/transformed_data_20260124.parquet'
[2026-01-24T18:53:46.120+0000] {taskinstance.py:1206} INFO - Marking task as FAILED. dag_id=reports_etl_dag, task_id=load_to_clickhouse, run_id=scheduled__2026-01-24T12:42:00+00:00, execution_date=20260124T124200, start_date=20260124T185346, end_date=20260124T185346
[2026-01-24T18:53:46.136+0000] {standard_task_runner.py:110} ERROR - Failed to execute job 261 for task load_to_clickhouse ([Errno 2] No such file or directory: '/tmp/transformed_data_20260124.parquet'; 192)
[2026-01-24T18:53:46.148+0000] {local_task_job_runner.py:240} INFO - Task exited with return code 1
[2026-01-24T18:53:46.180+0000] {taskinstance.py:3498} INFO - 0 downstream tasks scheduled from follow-on schedule check
[2026-01-24T18:53:46.182+0000] {local_task_job_runner.py:222} INFO - ::endgroup::
