[2026-01-24T12:28:52.895+0000] {local_task_job_runner.py:120} INFO - ::group::Pre task execution logs
[2026-01-24T12:28:52.938+0000] {taskinstance.py:2076} INFO - Dependencies all met for dep_context=non-requeueable deps ti=<TaskInstance: reports_etl_dag.extract_sensor_data manual__2026-01-24T12:28:52.048073+00:00 [queued]>
[2026-01-24T12:28:52.945+0000] {taskinstance.py:2076} INFO - Dependencies all met for dep_context=requeueable deps ti=<TaskInstance: reports_etl_dag.extract_sensor_data manual__2026-01-24T12:28:52.048073+00:00 [queued]>
[2026-01-24T12:28:52.945+0000] {taskinstance.py:2306} INFO - Starting attempt 1 of 3
[2026-01-24T12:28:52.958+0000] {taskinstance.py:2330} INFO - Executing <Task(PythonOperator): extract_sensor_data> on 2026-01-24 12:28:52.048073+00:00
[2026-01-24T12:28:52.962+0000] {standard_task_runner.py:63} INFO - Started process 2303 to run task
[2026-01-24T12:28:52.967+0000] {standard_task_runner.py:90} INFO - Running: ['***', 'tasks', 'run', 'reports_etl_dag', 'extract_sensor_data', 'manual__2026-01-24T12:28:52.048073+00:00', '--job-id', '168', '--raw', '--subdir', 'DAGS_FOLDER/reports_etl_dag.py', '--cfg-path', '/tmp/tmpxpwxbr4k']
[2026-01-24T12:28:52.969+0000] {standard_task_runner.py:91} INFO - Job 168: Subtask extract_sensor_data
[2026-01-24T12:28:53.064+0000] {task_command.py:426} INFO - Running <TaskInstance: reports_etl_dag.extract_sensor_data manual__2026-01-24T12:28:52.048073+00:00 [running]> on host 31739e112243
[2026-01-24T12:28:53.211+0000] {taskinstance.py:2648} INFO - Exporting env vars: AIRFLOW_CTX_DAG_OWNER='bionicpro' AIRFLOW_CTX_DAG_ID='reports_etl_dag' AIRFLOW_CTX_TASK_ID='extract_sensor_data' AIRFLOW_CTX_EXECUTION_DATE='2026-01-24T12:28:52.048073+00:00' AIRFLOW_CTX_TRY_NUMBER='1' AIRFLOW_CTX_DAG_RUN_ID='manual__2026-01-24T12:28:52.048073+00:00'
[2026-01-24T12:28:53.212+0000] {taskinstance.py:430} INFO - ::endgroup::
[2026-01-24T12:28:53.228+0000] {logging_mixin.py:188} WARNING - /home/***/.local/lib/python3.9/site-packages/***/utils/context.py:320 AirflowContextDeprecationWarning: Accessing 'execution_date' from the template is deprecated and will be removed in a future version. Please use 'data_interval_start' or 'logical_date' instead.
[2026-01-24T12:28:53.261+0000] {taskinstance.py:441} INFO - ::group::Post task execution logs
[2026-01-24T12:28:53.284+0000] {taskinstance.py:2905} ERROR - Task failed with exception
Traceback (most recent call last):
  File "/home/airflow/.local/lib/python3.9/site-packages/airflow/models/taskinstance.py", line 465, in _execute_task
    result = _execute_callable(context=context, **execute_callable_kwargs)
  File "/home/airflow/.local/lib/python3.9/site-packages/airflow/models/taskinstance.py", line 432, in _execute_callable
    return execute_callable(context=context, **execute_callable_kwargs)
  File "/home/airflow/.local/lib/python3.9/site-packages/airflow/models/baseoperator.py", line 400, in wrapper
    return func(self, *args, **kwargs)
  File "/home/airflow/.local/lib/python3.9/site-packages/airflow/operators/python.py", line 235, in execute
    return_value = self.execute_callable()
  File "/home/airflow/.local/lib/python3.9/site-packages/airflow/operators/python.py", line 252, in execute_callable
    return self.python_callable(*self.op_args, **self.op_kwargs)
  File "/opt/airflow/dags/reports_etl_dag.py", line 84, in extract_sensor_data
    records = postgres_hook.get_records(query, parameters=[start_date, end_date])
  File "/home/airflow/.local/lib/python3.9/site-packages/airflow/providers/common/sql/hooks/sql.py", line 283, in get_records
    return self.run(sql=sql, parameters=parameters, handler=fetch_all_handler)
  File "/home/airflow/.local/lib/python3.9/site-packages/airflow/providers/common/sql/hooks/sql.py", line 411, in run
    with closing(self.get_conn()) as conn:
  File "/home/airflow/.local/lib/python3.9/site-packages/airflow/providers/postgres/hooks/postgres.py", line 131, in get_conn
    conn = deepcopy(self.connection or self.get_connection(conn_id))
  File "/home/airflow/.local/lib/python3.9/site-packages/airflow/hooks/base.py", line 83, in get_connection
    conn = Connection.get_connection_from_secrets(conn_id)
  File "/home/airflow/.local/lib/python3.9/site-packages/airflow/models/connection.py", line 519, in get_connection_from_secrets
    raise AirflowNotFoundException(f"The conn_id `{conn_id}` isn't defined")
airflow.exceptions.AirflowNotFoundException: The conn_id `postgres_sensors` isn't defined
[2026-01-24T12:28:53.290+0000] {taskinstance.py:1206} INFO - Marking task as UP_FOR_RETRY. dag_id=reports_etl_dag, task_id=extract_sensor_data, run_id=manual__2026-01-24T12:28:52.048073+00:00, execution_date=20260124T122852, start_date=20260124T122852, end_date=20260124T122853
[2026-01-24T12:28:53.303+0000] {standard_task_runner.py:110} ERROR - Failed to execute job 168 for task extract_sensor_data (The conn_id `postgres_sensors` isn't defined; 2303)
[2026-01-24T12:28:53.339+0000] {local_task_job_runner.py:240} INFO - Task exited with return code 1
[2026-01-24T12:28:53.362+0000] {local_task_job_runner.py:222} INFO - ::endgroup::
