[2026-01-24T18:54:00.753+0000] {local_task_job_runner.py:120} INFO - ::group::Pre task execution logs
[2026-01-24T18:54:00.793+0000] {taskinstance.py:2076} INFO - Dependencies all met for dep_context=non-requeueable deps ti=<TaskInstance: reports_etl_dag.extract_sensor_data scheduled__2026-01-24T18:51:00+00:00 [queued]>
[2026-01-24T18:54:00.801+0000] {taskinstance.py:2076} INFO - Dependencies all met for dep_context=requeueable deps ti=<TaskInstance: reports_etl_dag.extract_sensor_data scheduled__2026-01-24T18:51:00+00:00 [queued]>
[2026-01-24T18:54:00.802+0000] {taskinstance.py:2306} INFO - Starting attempt 1 of 3
[2026-01-24T18:54:00.814+0000] {taskinstance.py:2330} INFO - Executing <Task(PythonOperator): extract_sensor_data> on 2026-01-24 18:51:00+00:00
[2026-01-24T18:54:00.819+0000] {standard_task_runner.py:63} INFO - Started process 237 to run task
[2026-01-24T18:54:00.822+0000] {standard_task_runner.py:90} INFO - Running: ['***', 'tasks', 'run', 'reports_etl_dag', 'extract_sensor_data', 'scheduled__2026-01-24T18:51:00+00:00', '--job-id', '270', '--raw', '--subdir', 'DAGS_FOLDER/reports_etl_dag.py', '--cfg-path', '/tmp/tmp4n7g_2st']
[2026-01-24T18:54:00.824+0000] {standard_task_runner.py:91} INFO - Job 270: Subtask extract_sensor_data
[2026-01-24T18:54:00.920+0000] {task_command.py:426} INFO - Running <TaskInstance: reports_etl_dag.extract_sensor_data scheduled__2026-01-24T18:51:00+00:00 [running]> on host ce9110ae54d2
[2026-01-24T18:54:01.073+0000] {taskinstance.py:2648} INFO - Exporting env vars: AIRFLOW_CTX_DAG_OWNER='bionicpro' AIRFLOW_CTX_DAG_ID='reports_etl_dag' AIRFLOW_CTX_TASK_ID='extract_sensor_data' AIRFLOW_CTX_EXECUTION_DATE='2026-01-24T18:51:00+00:00' AIRFLOW_CTX_TRY_NUMBER='1' AIRFLOW_CTX_DAG_RUN_ID='scheduled__2026-01-24T18:51:00+00:00'
[2026-01-24T18:54:01.074+0000] {taskinstance.py:430} INFO - ::endgroup::
[2026-01-24T18:54:01.087+0000] {logging_mixin.py:188} WARNING - /home/***/.local/lib/python3.9/site-packages/***/utils/context.py:320 AirflowContextDeprecationWarning: Accessing 'execution_date' from the template is deprecated and will be removed in a future version. Please use 'data_interval_start' or 'logical_date' instead.
[2026-01-24T18:54:01.098+0000] {crypto.py:82} WARNING - empty cryptography key - values will not be stored encrypted.
[2026-01-24T18:54:01.099+0000] {base.py:84} INFO - Using connection ID 'postgres_sensors' for task execution.
[2026-01-24T18:54:01.118+0000] {sql.py:470} INFO - Running statement: 
    SELECT 
        user_id,
        device_id,
        timestamp,
        sensor_type,
        sensor_value,
        movement_type,
        movement_count,
        usage_duration_seconds
    FROM sensor_telemetry
    WHERE timestamp >= %s AND timestamp < %s
    ORDER BY user_id, timestamp
    , parameters: [DateTime(2026, 1, 23, 18, 51, 0), DateTime(2026, 1, 24, 18, 51, 0)]
[2026-01-24T18:54:01.123+0000] {sql.py:479} INFO - Rows affected: 14
[2026-01-24T18:54:01.138+0000] {logging_mixin.py:188} INFO - Извлечено 14 записей данных датчиков за период 2026-01-23 18:51:00 - 2026-01-24 18:51:00
[2026-01-24T18:54:01.139+0000] {python.py:237} INFO - Done. Returned value was: /tmp/sensor_data_20260124.parquet
[2026-01-24T18:54:01.139+0000] {taskinstance.py:441} INFO - ::group::Post task execution logs
[2026-01-24T18:54:01.192+0000] {taskinstance.py:1206} INFO - Marking task as SUCCESS. dag_id=reports_etl_dag, task_id=extract_sensor_data, run_id=scheduled__2026-01-24T18:51:00+00:00, execution_date=20260124T185100, start_date=20260124T185400, end_date=20260124T185401
[2026-01-24T18:54:01.237+0000] {local_task_job_runner.py:240} INFO - Task exited with return code 0
[2026-01-24T18:54:01.261+0000] {local_task_job_runner.py:222} INFO - ::endgroup::
