[2026-01-24T18:57:01.504+0000] {local_task_job_runner.py:120} INFO - ::group::Pre task execution logs
[2026-01-24T18:57:01.545+0000] {taskinstance.py:2076} INFO - Dependencies all met for dep_context=non-requeueable deps ti=<TaskInstance: reports_etl_dag.extract_crm_data scheduled__2026-01-24T18:54:00+00:00 [queued]>
[2026-01-24T18:57:01.553+0000] {taskinstance.py:2076} INFO - Dependencies all met for dep_context=requeueable deps ti=<TaskInstance: reports_etl_dag.extract_crm_data scheduled__2026-01-24T18:54:00+00:00 [queued]>
[2026-01-24T18:57:01.553+0000] {taskinstance.py:2306} INFO - Starting attempt 1 of 3
[2026-01-24T18:57:01.567+0000] {taskinstance.py:2330} INFO - Executing <Task(PythonOperator): extract_crm_data> on 2026-01-24 18:54:00+00:00
[2026-01-24T18:57:01.572+0000] {standard_task_runner.py:63} INFO - Started process 355 to run task
[2026-01-24T18:57:01.575+0000] {standard_task_runner.py:90} INFO - Running: ['***', 'tasks', 'run', 'reports_etl_dag', 'extract_crm_data', 'scheduled__2026-01-24T18:54:00+00:00', '--job-id', '274', '--raw', '--subdir', 'DAGS_FOLDER/reports_etl_dag.py', '--cfg-path', '/tmp/tmpbsn_qiya']
[2026-01-24T18:57:01.578+0000] {standard_task_runner.py:91} INFO - Job 274: Subtask extract_crm_data
[2026-01-24T18:57:01.668+0000] {task_command.py:426} INFO - Running <TaskInstance: reports_etl_dag.extract_crm_data scheduled__2026-01-24T18:54:00+00:00 [running]> on host ce9110ae54d2
[2026-01-24T18:57:01.823+0000] {taskinstance.py:2648} INFO - Exporting env vars: AIRFLOW_CTX_DAG_OWNER='bionicpro' AIRFLOW_CTX_DAG_ID='reports_etl_dag' AIRFLOW_CTX_TASK_ID='extract_crm_data' AIRFLOW_CTX_EXECUTION_DATE='2026-01-24T18:54:00+00:00' AIRFLOW_CTX_TRY_NUMBER='1' AIRFLOW_CTX_DAG_RUN_ID='scheduled__2026-01-24T18:54:00+00:00'
[2026-01-24T18:57:01.824+0000] {taskinstance.py:430} INFO - ::endgroup::
[2026-01-24T18:57:01.837+0000] {logging_mixin.py:188} WARNING - /home/***/.local/lib/python3.9/site-packages/***/utils/context.py:320 AirflowContextDeprecationWarning: Accessing 'execution_date' from the template is deprecated and will be removed in a future version. Please use 'data_interval_start' or 'logical_date' instead.
[2026-01-24T18:57:01.838+0000] {logging_mixin.py:188} INFO - Предупреждение: файл /data/crm/users.csv не найден
[2026-01-24T18:57:01.838+0000] {logging_mixin.py:188} INFO - Предупреждение: файл /data/crm/orders.csv не найден
[2026-01-24T18:57:01.839+0000] {logging_mixin.py:188} INFO - Предупреждение: файл /data/crm/maintenance_history.csv не найден
[2026-01-24T18:57:01.839+0000] {python.py:237} INFO - Done. Returned value was: {}
[2026-01-24T18:57:01.839+0000] {taskinstance.py:441} INFO - ::group::Post task execution logs
[2026-01-24T18:57:01.901+0000] {taskinstance.py:1206} INFO - Marking task as SUCCESS. dag_id=reports_etl_dag, task_id=extract_crm_data, run_id=scheduled__2026-01-24T18:54:00+00:00, execution_date=20260124T185400, start_date=20260124T185701, end_date=20260124T185701
[2026-01-24T18:57:01.951+0000] {local_task_job_runner.py:240} INFO - Task exited with return code 0
[2026-01-24T18:57:01.988+0000] {taskinstance.py:3498} INFO - 1 downstream tasks scheduled from follow-on schedule check
[2026-01-24T18:57:01.990+0000] {local_task_job_runner.py:222} INFO - ::endgroup::
