[2026-01-24T12:06:00.988+0000] {local_task_job_runner.py:120} INFO - ::group::Pre task execution logs
[2026-01-24T12:06:01.038+0000] {taskinstance.py:2076} INFO - Dependencies all met for dep_context=non-requeueable deps ti=<TaskInstance: reports_etl_dag.extract_crm_data scheduled__2026-01-24T12:03:00+00:00 [queued]>
[2026-01-24T12:06:01.047+0000] {taskinstance.py:2076} INFO - Dependencies all met for dep_context=requeueable deps ti=<TaskInstance: reports_etl_dag.extract_crm_data scheduled__2026-01-24T12:03:00+00:00 [queued]>
[2026-01-24T12:06:01.047+0000] {taskinstance.py:2306} INFO - Starting attempt 1 of 3
[2026-01-24T12:06:01.060+0000] {taskinstance.py:2330} INFO - Executing <Task(PythonOperator): extract_crm_data> on 2026-01-24 12:03:00+00:00
[2026-01-24T12:06:01.066+0000] {standard_task_runner.py:63} INFO - Started process 1638 to run task
[2026-01-24T12:06:01.070+0000] {standard_task_runner.py:90} INFO - Running: ['***', 'tasks', 'run', 'reports_etl_dag', 'extract_crm_data', 'scheduled__2026-01-24T12:03:00+00:00', '--job-id', '137', '--raw', '--subdir', 'DAGS_FOLDER/reports_etl_dag.py', '--cfg-path', '/tmp/tmpba30ibwd']
[2026-01-24T12:06:01.072+0000] {standard_task_runner.py:91} INFO - Job 137: Subtask extract_crm_data
[2026-01-24T12:06:01.164+0000] {task_command.py:426} INFO - Running <TaskInstance: reports_etl_dag.extract_crm_data scheduled__2026-01-24T12:03:00+00:00 [running]> on host 31739e112243
[2026-01-24T12:06:01.303+0000] {taskinstance.py:2648} INFO - Exporting env vars: AIRFLOW_CTX_DAG_OWNER='bionicpro' AIRFLOW_CTX_DAG_ID='reports_etl_dag' AIRFLOW_CTX_TASK_ID='extract_crm_data' AIRFLOW_CTX_EXECUTION_DATE='2026-01-24T12:03:00+00:00' AIRFLOW_CTX_TRY_NUMBER='1' AIRFLOW_CTX_DAG_RUN_ID='scheduled__2026-01-24T12:03:00+00:00'
[2026-01-24T12:06:01.304+0000] {taskinstance.py:430} INFO - ::endgroup::
[2026-01-24T12:06:01.315+0000] {logging_mixin.py:188} INFO - Предупреждение: файл /data/crm/users.csv не найден
[2026-01-24T12:06:01.315+0000] {logging_mixin.py:188} INFO - Предупреждение: файл /data/crm/orders.csv не найден
[2026-01-24T12:06:01.316+0000] {logging_mixin.py:188} INFO - Предупреждение: файл /data/crm/maintenance_history.csv не найден
[2026-01-24T12:06:01.316+0000] {python.py:237} INFO - Done. Returned value was: {}
[2026-01-24T12:06:01.316+0000] {taskinstance.py:441} INFO - ::group::Post task execution logs
[2026-01-24T12:06:01.369+0000] {taskinstance.py:1206} INFO - Marking task as SUCCESS. dag_id=reports_etl_dag, task_id=extract_crm_data, run_id=scheduled__2026-01-24T12:03:00+00:00, execution_date=20260124T120300, start_date=20260124T120601, end_date=20260124T120601
[2026-01-24T12:06:01.403+0000] {local_task_job_runner.py:240} INFO - Task exited with return code 0
[2026-01-24T12:06:01.437+0000] {taskinstance.py:3498} INFO - 0 downstream tasks scheduled from follow-on schedule check
[2026-01-24T12:06:01.438+0000] {local_task_job_runner.py:222} INFO - ::endgroup::
