[2026-01-24T10:48:01.267+0000] {local_task_job_runner.py:120} INFO - ::group::Pre task execution logs
[2026-01-24T10:48:01.309+0000] {taskinstance.py:2076} INFO - Dependencies all met for dep_context=non-requeueable deps ti=<TaskInstance: reports_etl_dag.extract_sensor_data scheduled__2026-01-24T10:45:00+00:00 [queued]>
[2026-01-24T10:48:01.321+0000] {taskinstance.py:2076} INFO - Dependencies all met for dep_context=requeueable deps ti=<TaskInstance: reports_etl_dag.extract_sensor_data scheduled__2026-01-24T10:45:00+00:00 [queued]>
[2026-01-24T10:48:01.321+0000] {taskinstance.py:2306} INFO - Starting attempt 1 of 3
[2026-01-24T10:48:01.339+0000] {taskinstance.py:2330} INFO - Executing <Task(PythonOperator): extract_sensor_data> on 2026-01-24 10:45:00+00:00
[2026-01-24T10:48:01.345+0000] {standard_task_runner.py:63} INFO - Started process 1821 to run task
[2026-01-24T10:48:01.350+0000] {standard_task_runner.py:90} INFO - Running: ['***', 'tasks', 'run', 'reports_etl_dag', 'extract_sensor_data', 'scheduled__2026-01-24T10:45:00+00:00', '--job-id', '17', '--raw', '--subdir', 'DAGS_FOLDER/reports_etl_dag.py', '--cfg-path', '/tmp/tmpzdna338t']
[2026-01-24T10:48:01.352+0000] {standard_task_runner.py:91} INFO - Job 17: Subtask extract_sensor_data
[2026-01-24T10:48:01.457+0000] {task_command.py:426} INFO - Running <TaskInstance: reports_etl_dag.extract_sensor_data scheduled__2026-01-24T10:45:00+00:00 [running]> on host ebff5c558879
[2026-01-24T10:48:01.597+0000] {taskinstance.py:2648} INFO - Exporting env vars: AIRFLOW_CTX_DAG_OWNER='bionicpro' AIRFLOW_CTX_DAG_ID='reports_etl_dag' AIRFLOW_CTX_TASK_ID='extract_sensor_data' AIRFLOW_CTX_EXECUTION_DATE='2026-01-24T10:45:00+00:00' AIRFLOW_CTX_TRY_NUMBER='1' AIRFLOW_CTX_DAG_RUN_ID='scheduled__2026-01-24T10:45:00+00:00'
[2026-01-24T10:48:01.598+0000] {taskinstance.py:430} INFO - ::endgroup::
[2026-01-24T10:48:01.612+0000] {logging_mixin.py:188} WARNING - /home/***/.local/lib/python3.9/site-packages/***/utils/context.py:320 AirflowContextDeprecationWarning: Accessing 'execution_date' from the template is deprecated and will be removed in a future version. Please use 'data_interval_start' or 'logical_date' instead.
[2026-01-24T10:48:01.623+0000] {taskinstance.py:441} INFO - ::group::Post task execution logs
[2026-01-24T10:48:01.623+0000] {taskinstance.py:2905} ERROR - Task failed with exception
Traceback (most recent call last):
  File "/home/airflow/.local/lib/python3.9/site-packages/airflow/models/taskinstance.py", line 465, in _execute_task
    result = _execute_callable(context=context, **execute_callable_kwargs)
  File "/home/airflow/.local/lib/python3.9/site-packages/airflow/models/taskinstance.py", line 432, in _execute_callable
    return execute_callable(context=context, **execute_callable_kwargs)
  File "/home/airflow/.local/lib/python3.9/site-packages/airflow/models/baseoperator.py", line 400, in wrapper
    return func(self, *args, **kwargs)
  File "/home/airflow/.local/lib/python3.9/site-packages/airflow/operators/python.py", line 235, in execute
    return_value = self.execute_callable()
  File "/home/airflow/.local/lib/python3.9/site-packages/airflow/operators/python.py", line 252, in execute_callable
    return self.python_callable(*self.op_args, **self.op_kwargs)
  File "/opt/airflow/dags/reports_etl_dag.py", line 83, in extract_sensor_data
    df = postgres_hook.get_pandas_sql(query, parameters=[start_date, end_date])
AttributeError: 'PostgresHook' object has no attribute 'get_pandas_sql'
[2026-01-24T10:48:01.649+0000] {taskinstance.py:1206} INFO - Marking task as UP_FOR_RETRY. dag_id=reports_etl_dag, task_id=extract_sensor_data, run_id=scheduled__2026-01-24T10:45:00+00:00, execution_date=20260124T104500, start_date=20260124T104801, end_date=20260124T104801
[2026-01-24T10:48:01.662+0000] {standard_task_runner.py:110} ERROR - Failed to execute job 17 for task extract_sensor_data ('PostgresHook' object has no attribute 'get_pandas_sql'; 1821)
[2026-01-24T10:48:01.682+0000] {local_task_job_runner.py:240} INFO - Task exited with return code 1
[2026-01-24T10:48:01.705+0000] {local_task_job_runner.py:222} INFO - ::endgroup::
