[2026-01-24T12:00:00.929+0000] {local_task_job_runner.py:120} INFO - ::group::Pre task execution logs
[2026-01-24T12:00:00.970+0000] {taskinstance.py:2076} INFO - Dependencies all met for dep_context=non-requeueable deps ti=<TaskInstance: reports_etl_dag.extract_sensor_data scheduled__2026-01-24T11:57:00+00:00 [queued]>
[2026-01-24T12:00:00.977+0000] {taskinstance.py:2076} INFO - Dependencies all met for dep_context=requeueable deps ti=<TaskInstance: reports_etl_dag.extract_sensor_data scheduled__2026-01-24T11:57:00+00:00 [queued]>
[2026-01-24T12:00:00.978+0000] {taskinstance.py:2306} INFO - Starting attempt 1 of 3
[2026-01-24T12:00:00.991+0000] {taskinstance.py:2330} INFO - Executing <Task(PythonOperator): extract_sensor_data> on 2026-01-24 11:57:00+00:00
[2026-01-24T12:00:00.996+0000] {standard_task_runner.py:63} INFO - Started process 1464 to run task
[2026-01-24T12:00:01.000+0000] {standard_task_runner.py:90} INFO - Running: ['***', 'tasks', 'run', 'reports_etl_dag', 'extract_sensor_data', 'scheduled__2026-01-24T11:57:00+00:00', '--job-id', '129', '--raw', '--subdir', 'DAGS_FOLDER/reports_etl_dag.py', '--cfg-path', '/tmp/tmpwxbg6zwn']
[2026-01-24T12:00:01.003+0000] {standard_task_runner.py:91} INFO - Job 129: Subtask extract_sensor_data
[2026-01-24T12:00:01.100+0000] {task_command.py:426} INFO - Running <TaskInstance: reports_etl_dag.extract_sensor_data scheduled__2026-01-24T11:57:00+00:00 [running]> on host 31739e112243
[2026-01-24T12:00:01.240+0000] {taskinstance.py:2648} INFO - Exporting env vars: AIRFLOW_CTX_DAG_OWNER='bionicpro' AIRFLOW_CTX_DAG_ID='reports_etl_dag' AIRFLOW_CTX_TASK_ID='extract_sensor_data' AIRFLOW_CTX_EXECUTION_DATE='2026-01-24T11:57:00+00:00' AIRFLOW_CTX_TRY_NUMBER='1' AIRFLOW_CTX_DAG_RUN_ID='scheduled__2026-01-24T11:57:00+00:00'
[2026-01-24T12:00:01.241+0000] {taskinstance.py:430} INFO - ::endgroup::
[2026-01-24T12:00:01.256+0000] {logging_mixin.py:188} WARNING - /home/***/.local/lib/python3.9/site-packages/***/utils/context.py:320 AirflowContextDeprecationWarning: Accessing 'execution_date' from the template is deprecated and will be removed in a future version. Please use 'data_interval_start' or 'logical_date' instead.
[2026-01-24T12:00:01.294+0000] {taskinstance.py:441} INFO - ::group::Post task execution logs
[2026-01-24T12:00:01.316+0000] {taskinstance.py:2905} ERROR - Task failed with exception
Traceback (most recent call last):
  File "/home/airflow/.local/lib/python3.9/site-packages/airflow/models/taskinstance.py", line 465, in _execute_task
    result = _execute_callable(context=context, **execute_callable_kwargs)
  File "/home/airflow/.local/lib/python3.9/site-packages/airflow/models/taskinstance.py", line 432, in _execute_callable
    return execute_callable(context=context, **execute_callable_kwargs)
  File "/home/airflow/.local/lib/python3.9/site-packages/airflow/models/baseoperator.py", line 400, in wrapper
    return func(self, *args, **kwargs)
  File "/home/airflow/.local/lib/python3.9/site-packages/airflow/operators/python.py", line 235, in execute
    return_value = self.execute_callable()
  File "/home/airflow/.local/lib/python3.9/site-packages/airflow/operators/python.py", line 252, in execute_callable
    return self.python_callable(*self.op_args, **self.op_kwargs)
  File "/opt/airflow/dags/reports_etl_dag.py", line 84, in extract_sensor_data
    records = postgres_hook.get_records(query, parameters=[start_date, end_date])
  File "/home/airflow/.local/lib/python3.9/site-packages/airflow/providers/common/sql/hooks/sql.py", line 283, in get_records
    return self.run(sql=sql, parameters=parameters, handler=fetch_all_handler)
  File "/home/airflow/.local/lib/python3.9/site-packages/airflow/providers/common/sql/hooks/sql.py", line 411, in run
    with closing(self.get_conn()) as conn:
  File "/home/airflow/.local/lib/python3.9/site-packages/airflow/providers/postgres/hooks/postgres.py", line 131, in get_conn
    conn = deepcopy(self.connection or self.get_connection(conn_id))
  File "/home/airflow/.local/lib/python3.9/site-packages/airflow/hooks/base.py", line 83, in get_connection
    conn = Connection.get_connection_from_secrets(conn_id)
  File "/home/airflow/.local/lib/python3.9/site-packages/airflow/models/connection.py", line 519, in get_connection_from_secrets
    raise AirflowNotFoundException(f"The conn_id `{conn_id}` isn't defined")
airflow.exceptions.AirflowNotFoundException: The conn_id `postgres_sensors` isn't defined
[2026-01-24T12:00:01.322+0000] {taskinstance.py:1206} INFO - Marking task as UP_FOR_RETRY. dag_id=reports_etl_dag, task_id=extract_sensor_data, run_id=scheduled__2026-01-24T11:57:00+00:00, execution_date=20260124T115700, start_date=20260124T120000, end_date=20260124T120001
[2026-01-24T12:00:01.334+0000] {standard_task_runner.py:110} ERROR - Failed to execute job 129 for task extract_sensor_data (The conn_id `postgres_sensors` isn't defined; 1464)
[2026-01-24T12:00:01.373+0000] {local_task_job_runner.py:240} INFO - Task exited with return code 1
[2026-01-24T12:00:01.411+0000] {taskinstance.py:3498} INFO - 0 downstream tasks scheduled from follow-on schedule check
[2026-01-24T12:00:01.413+0000] {local_task_job_runner.py:222} INFO - ::endgroup::
