[2026-01-24T12:48:00.708+0000] {local_task_job_runner.py:120} INFO - ::group::Pre task execution logs
[2026-01-24T12:48:00.748+0000] {taskinstance.py:2076} INFO - Dependencies all met for dep_context=non-requeueable deps ti=<TaskInstance: reports_etl_dag.extract_sensor_data scheduled__2026-01-24T12:45:00+00:00 [queued]>
[2026-01-24T12:48:00.755+0000] {taskinstance.py:2076} INFO - Dependencies all met for dep_context=requeueable deps ti=<TaskInstance: reports_etl_dag.extract_sensor_data scheduled__2026-01-24T12:45:00+00:00 [queued]>
[2026-01-24T12:48:00.756+0000] {taskinstance.py:2306} INFO - Starting attempt 1 of 3
[2026-01-24T12:48:00.769+0000] {taskinstance.py:2330} INFO - Executing <Task(PythonOperator): extract_sensor_data> on 2026-01-24 12:45:00+00:00
[2026-01-24T12:48:00.773+0000] {standard_task_runner.py:63} INFO - Started process 295 to run task
[2026-01-24T12:48:00.775+0000] {standard_task_runner.py:90} INFO - Running: ['***', 'tasks', 'run', 'reports_etl_dag', 'extract_sensor_data', 'scheduled__2026-01-24T12:45:00+00:00', '--job-id', '245', '--raw', '--subdir', 'DAGS_FOLDER/reports_etl_dag.py', '--cfg-path', '/tmp/tmp2gmgur2t']
[2026-01-24T12:48:00.777+0000] {standard_task_runner.py:91} INFO - Job 245: Subtask extract_sensor_data
[2026-01-24T12:48:00.862+0000] {task_command.py:426} INFO - Running <TaskInstance: reports_etl_dag.extract_sensor_data scheduled__2026-01-24T12:45:00+00:00 [running]> on host c13e6da78de1
[2026-01-24T12:48:01.003+0000] {taskinstance.py:2648} INFO - Exporting env vars: AIRFLOW_CTX_DAG_OWNER='bionicpro' AIRFLOW_CTX_DAG_ID='reports_etl_dag' AIRFLOW_CTX_TASK_ID='extract_sensor_data' AIRFLOW_CTX_EXECUTION_DATE='2026-01-24T12:45:00+00:00' AIRFLOW_CTX_TRY_NUMBER='1' AIRFLOW_CTX_DAG_RUN_ID='scheduled__2026-01-24T12:45:00+00:00'
[2026-01-24T12:48:01.004+0000] {taskinstance.py:430} INFO - ::endgroup::
[2026-01-24T12:48:01.019+0000] {logging_mixin.py:188} WARNING - /home/***/.local/lib/python3.9/site-packages/***/utils/context.py:320 AirflowContextDeprecationWarning: Accessing 'execution_date' from the template is deprecated and will be removed in a future version. Please use 'data_interval_start' or 'logical_date' instead.
[2026-01-24T12:48:01.030+0000] {crypto.py:82} WARNING - empty cryptography key - values will not be stored encrypted.
[2026-01-24T12:48:01.030+0000] {base.py:84} INFO - Using connection ID 'postgres_sensors' for task execution.
[2026-01-24T12:48:01.052+0000] {sql.py:470} INFO - Running statement: 
    SELECT 
        user_id,
        device_id,
        timestamp,
        sensor_type,
        sensor_value,
        movement_type,
        movement_count,
        usage_duration_seconds
    FROM sensor_telemetry
    WHERE timestamp >= %s AND timestamp < %s
    ORDER BY user_id, timestamp
    , parameters: [DateTime(2026, 1, 23, 12, 45, 0), DateTime(2026, 1, 24, 12, 45, 0)]
[2026-01-24T12:48:01.056+0000] {sql.py:479} INFO - Rows affected: 14
[2026-01-24T12:48:01.074+0000] {logging_mixin.py:188} INFO - Извлечено 14 записей данных датчиков за период 2026-01-23 12:45:00 - 2026-01-24 12:45:00
[2026-01-24T12:48:01.075+0000] {python.py:237} INFO - Done. Returned value was: /tmp/sensor_data_20260124.parquet
[2026-01-24T12:48:01.075+0000] {taskinstance.py:441} INFO - ::group::Post task execution logs
[2026-01-24T12:48:01.127+0000] {taskinstance.py:1206} INFO - Marking task as SUCCESS. dag_id=reports_etl_dag, task_id=extract_sensor_data, run_id=scheduled__2026-01-24T12:45:00+00:00, execution_date=20260124T124500, start_date=20260124T124800, end_date=20260124T124801
[2026-01-24T12:48:01.148+0000] {local_task_job_runner.py:240} INFO - Task exited with return code 0
[2026-01-24T12:48:01.186+0000] {taskinstance.py:3498} INFO - 1 downstream tasks scheduled from follow-on schedule check
[2026-01-24T12:48:01.187+0000] {local_task_job_runner.py:222} INFO - ::endgroup::
