[2026-01-24T12:31:04.013+0000] {local_task_job_runner.py:120} INFO - ::group::Pre task execution logs
[2026-01-24T12:31:04.052+0000] {taskinstance.py:2076} INFO - Dependencies all met for dep_context=non-requeueable deps ti=<TaskInstance: reports_etl_dag.extract_sensor_data scheduled__2026-01-24T12:18:00+00:00 [queued]>
[2026-01-24T12:31:04.061+0000] {taskinstance.py:2076} INFO - Dependencies all met for dep_context=requeueable deps ti=<TaskInstance: reports_etl_dag.extract_sensor_data scheduled__2026-01-24T12:18:00+00:00 [queued]>
[2026-01-24T12:31:04.062+0000] {taskinstance.py:2306} INFO - Starting attempt 3 of 3
[2026-01-24T12:31:04.074+0000] {taskinstance.py:2330} INFO - Executing <Task(PythonOperator): extract_sensor_data> on 2026-01-24 12:18:00+00:00
[2026-01-24T12:31:04.079+0000] {standard_task_runner.py:63} INFO - Started process 181 to run task
[2026-01-24T12:31:04.081+0000] {standard_task_runner.py:90} INFO - Running: ['***', 'tasks', 'run', 'reports_etl_dag', 'extract_sensor_data', 'scheduled__2026-01-24T12:18:00+00:00', '--job-id', '175', '--raw', '--subdir', 'DAGS_FOLDER/reports_etl_dag.py', '--cfg-path', '/tmp/tmpqh7w47iq']
[2026-01-24T12:31:04.083+0000] {standard_task_runner.py:91} INFO - Job 175: Subtask extract_sensor_data
[2026-01-24T12:31:04.169+0000] {task_command.py:426} INFO - Running <TaskInstance: reports_etl_dag.extract_sensor_data scheduled__2026-01-24T12:18:00+00:00 [running]> on host 232384de18f5
[2026-01-24T12:31:04.316+0000] {taskinstance.py:2648} INFO - Exporting env vars: AIRFLOW_CTX_DAG_OWNER='bionicpro' AIRFLOW_CTX_DAG_ID='reports_etl_dag' AIRFLOW_CTX_TASK_ID='extract_sensor_data' AIRFLOW_CTX_EXECUTION_DATE='2026-01-24T12:18:00+00:00' AIRFLOW_CTX_TRY_NUMBER='3' AIRFLOW_CTX_DAG_RUN_ID='scheduled__2026-01-24T12:18:00+00:00'
[2026-01-24T12:31:04.317+0000] {taskinstance.py:430} INFO - ::endgroup::
[2026-01-24T12:31:04.340+0000] {logging_mixin.py:188} WARNING - /home/***/.local/lib/python3.9/site-packages/***/utils/context.py:320 AirflowContextDeprecationWarning: Accessing 'execution_date' from the template is deprecated and will be removed in a future version. Please use 'data_interval_start' or 'logical_date' instead.
[2026-01-24T12:31:04.388+0000] {crypto.py:82} WARNING - empty cryptography key - values will not be stored encrypted.
[2026-01-24T12:31:04.389+0000] {base.py:84} INFO - Using connection ID 'postgres_sensors' for task execution.
[2026-01-24T12:31:04.410+0000] {sql.py:470} INFO - Running statement: 
    SELECT 
        user_id,
        device_id,
        timestamp,
        sensor_type,
        sensor_value,
        movement_type,
        movement_count,
        usage_duration_seconds
    FROM sensor_telemetry
    WHERE timestamp >= %s AND timestamp < %s
    ORDER BY user_id, timestamp
    , parameters: [DateTime(2026, 1, 23, 12, 18, 0, tzinfo=Timezone('UTC')), <Proxy at 0x77797ebe6240 wrapping DateTime(2026, 1, 24, 12, 18, 0, tzinfo=Timezone('UTC')) at 0x777962203d60 with factory functools.partial(<function lazy_mapping_from_context.<locals>._deprecated_proxy_factory at 0x7779621e4e50>, 'execution_date', DateTime(2026, 1, 24, 12, 18, 0, tzinfo=Timezone('UTC')))>]
[2026-01-24T12:31:04.411+0000] {taskinstance.py:441} INFO - ::group::Post task execution logs
[2026-01-24T12:31:04.411+0000] {taskinstance.py:2905} ERROR - Task failed with exception
Traceback (most recent call last):
  File "/home/airflow/.local/lib/python3.9/site-packages/airflow/models/taskinstance.py", line 465, in _execute_task
    result = _execute_callable(context=context, **execute_callable_kwargs)
  File "/home/airflow/.local/lib/python3.9/site-packages/airflow/models/taskinstance.py", line 432, in _execute_callable
    return execute_callable(context=context, **execute_callable_kwargs)
  File "/home/airflow/.local/lib/python3.9/site-packages/airflow/models/baseoperator.py", line 400, in wrapper
    return func(self, *args, **kwargs)
  File "/home/airflow/.local/lib/python3.9/site-packages/airflow/operators/python.py", line 235, in execute
    return_value = self.execute_callable()
  File "/home/airflow/.local/lib/python3.9/site-packages/airflow/operators/python.py", line 252, in execute_callable
    return self.python_callable(*self.op_args, **self.op_kwargs)
  File "/opt/airflow/dags/reports_etl_dag.py", line 84, in extract_sensor_data
    records = postgres_hook.get_records(query, parameters=[start_date, end_date])
  File "/home/airflow/.local/lib/python3.9/site-packages/airflow/providers/common/sql/hooks/sql.py", line 283, in get_records
    return self.run(sql=sql, parameters=parameters, handler=fetch_all_handler)
  File "/home/airflow/.local/lib/python3.9/site-packages/airflow/providers/common/sql/hooks/sql.py", line 418, in run
    self._run_command(cur, sql_statement, parameters)
  File "/home/airflow/.local/lib/python3.9/site-packages/airflow/providers/common/sql/hooks/sql.py", line 473, in _run_command
    cur.execute(sql_statement, parameters)
psycopg2.ProgrammingError: can't adapt type 'Proxy'
[2026-01-24T12:31:04.436+0000] {taskinstance.py:1206} INFO - Marking task as FAILED. dag_id=reports_etl_dag, task_id=extract_sensor_data, run_id=scheduled__2026-01-24T12:18:00+00:00, execution_date=20260124T121800, start_date=20260124T123104, end_date=20260124T123104
[2026-01-24T12:31:04.449+0000] {standard_task_runner.py:110} ERROR - Failed to execute job 175 for task extract_sensor_data (can't adapt type 'Proxy'; 181)
[2026-01-24T12:31:04.494+0000] {local_task_job_runner.py:240} INFO - Task exited with return code 1
[2026-01-24T12:31:04.539+0000] {taskinstance.py:3498} INFO - 0 downstream tasks scheduled from follow-on schedule check
[2026-01-24T12:31:04.544+0000] {local_task_job_runner.py:222} INFO - ::endgroup::
