[2026-01-24T18:53:47.097+0000] {local_task_job_runner.py:120} INFO - ::group::Pre task execution logs
[2026-01-24T18:53:46.550+0000] {taskinstance.py:2076} INFO - Dependencies all met for dep_context=non-requeueable deps ti=<TaskInstance: reports_etl_dag.extract_sensor_data scheduled__2026-01-24T18:48:00+00:00 [queued]>
[2026-01-24T18:53:46.559+0000] {taskinstance.py:2076} INFO - Dependencies all met for dep_context=requeueable deps ti=<TaskInstance: reports_etl_dag.extract_sensor_data scheduled__2026-01-24T18:48:00+00:00 [queued]>
[2026-01-24T18:53:46.560+0000] {taskinstance.py:2306} INFO - Starting attempt 1 of 3
[2026-01-24T18:53:46.579+0000] {taskinstance.py:2330} INFO - Executing <Task(PythonOperator): extract_sensor_data> on 2026-01-24 18:48:00+00:00
[2026-01-24T18:53:46.590+0000] {standard_task_runner.py:63} INFO - Started process 193 to run task
[2026-01-24T18:53:46.594+0000] {standard_task_runner.py:90} INFO - Running: ['***', 'tasks', 'run', 'reports_etl_dag', 'extract_sensor_data', 'scheduled__2026-01-24T18:48:00+00:00', '--job-id', '260', '--raw', '--subdir', 'DAGS_FOLDER/reports_etl_dag.py', '--cfg-path', '/tmp/tmpblaft0pm']
[2026-01-24T18:53:46.596+0000] {standard_task_runner.py:91} INFO - Job 260: Subtask extract_sensor_data
[2026-01-24T18:53:45.785+0000] {task_command.py:426} INFO - Running <TaskInstance: reports_etl_dag.extract_sensor_data scheduled__2026-01-24T18:48:00+00:00 [running]> on host ce9110ae54d2
[2026-01-24T18:53:45.983+0000] {taskinstance.py:2648} INFO - Exporting env vars: AIRFLOW_CTX_DAG_OWNER='bionicpro' AIRFLOW_CTX_DAG_ID='reports_etl_dag' AIRFLOW_CTX_TASK_ID='extract_sensor_data' AIRFLOW_CTX_EXECUTION_DATE='2026-01-24T18:48:00+00:00' AIRFLOW_CTX_TRY_NUMBER='1' AIRFLOW_CTX_DAG_RUN_ID='scheduled__2026-01-24T18:48:00+00:00'
[2026-01-24T18:53:45.984+0000] {taskinstance.py:430} INFO - ::endgroup::
[2026-01-24T18:53:46.014+0000] {logging_mixin.py:188} WARNING - /home/***/.local/lib/python3.9/site-packages/***/utils/context.py:320 AirflowContextDeprecationWarning: Accessing 'execution_date' from the template is deprecated and will be removed in a future version. Please use 'data_interval_start' or 'logical_date' instead.
[2026-01-24T18:53:46.083+0000] {crypto.py:82} WARNING - empty cryptography key - values will not be stored encrypted.
[2026-01-24T18:53:46.084+0000] {base.py:84} INFO - Using connection ID 'postgres_sensors' for task execution.
[2026-01-24T18:53:46.113+0000] {sql.py:470} INFO - Running statement: 
    SELECT 
        user_id,
        device_id,
        timestamp,
        sensor_type,
        sensor_value,
        movement_type,
        movement_count,
        usage_duration_seconds
    FROM sensor_telemetry
    WHERE timestamp >= %s AND timestamp < %s
    ORDER BY user_id, timestamp
    , parameters: [DateTime(2026, 1, 23, 18, 48, 0), DateTime(2026, 1, 24, 18, 48, 0)]
[2026-01-24T18:53:46.119+0000] {sql.py:479} INFO - Rows affected: 14
[2026-01-24T18:53:46.295+0000] {logging_mixin.py:188} INFO - Извлечено 14 записей данных датчиков за период 2026-01-23 18:48:00 - 2026-01-24 18:48:00
[2026-01-24T18:53:46.296+0000] {python.py:237} INFO - Done. Returned value was: /tmp/sensor_data_20260124.parquet
[2026-01-24T18:53:46.296+0000] {taskinstance.py:441} INFO - ::group::Post task execution logs
[2026-01-24T18:53:46.351+0000] {taskinstance.py:1206} INFO - Marking task as SUCCESS. dag_id=reports_etl_dag, task_id=extract_sensor_data, run_id=scheduled__2026-01-24T18:48:00+00:00, execution_date=20260124T184800, start_date=20260124T185346, end_date=20260124T185346
[2026-01-24T18:53:46.394+0000] {local_task_job_runner.py:240} INFO - Task exited with return code 0
[2026-01-24T18:53:46.430+0000] {taskinstance.py:3498} INFO - 1 downstream tasks scheduled from follow-on schedule check
[2026-01-24T18:53:46.432+0000] {local_task_job_runner.py:222} INFO - ::endgroup::
