[2026-01-24T11:17:17.338+0000] {local_task_job_runner.py:120} INFO - ::group::Pre task execution logs
[2026-01-24T11:17:17.379+0000] {taskinstance.py:2076} INFO - Dependencies all met for dep_context=non-requeueable deps ti=<TaskInstance: reports_etl_dag.extract_crm_data manual__2026-01-24T11:17:16.152449+00:00 [queued]>
[2026-01-24T11:17:17.387+0000] {taskinstance.py:2076} INFO - Dependencies all met for dep_context=requeueable deps ti=<TaskInstance: reports_etl_dag.extract_crm_data manual__2026-01-24T11:17:16.152449+00:00 [queued]>
[2026-01-24T11:17:17.388+0000] {taskinstance.py:2306} INFO - Starting attempt 1 of 3
[2026-01-24T11:17:17.400+0000] {taskinstance.py:2330} INFO - Executing <Task(PythonOperator): extract_crm_data> on 2026-01-24 11:17:16.152449+00:00
[2026-01-24T11:17:17.405+0000] {standard_task_runner.py:63} INFO - Started process 218 to run task
[2026-01-24T11:17:17.409+0000] {standard_task_runner.py:90} INFO - Running: ['***', 'tasks', 'run', 'reports_etl_dag', 'extract_crm_data', 'manual__2026-01-24T11:17:16.152449+00:00', '--job-id', '69', '--raw', '--subdir', 'DAGS_FOLDER/reports_etl_dag.py', '--cfg-path', '/tmp/tmpfm3zk9st']
[2026-01-24T11:17:17.411+0000] {standard_task_runner.py:91} INFO - Job 69: Subtask extract_crm_data
[2026-01-24T11:17:17.502+0000] {task_command.py:426} INFO - Running <TaskInstance: reports_etl_dag.extract_crm_data manual__2026-01-24T11:17:16.152449+00:00 [running]> on host 31739e112243
[2026-01-24T11:17:17.647+0000] {taskinstance.py:2648} INFO - Exporting env vars: AIRFLOW_CTX_DAG_OWNER='bionicpro' AIRFLOW_CTX_DAG_ID='reports_etl_dag' AIRFLOW_CTX_TASK_ID='extract_crm_data' AIRFLOW_CTX_EXECUTION_DATE='2026-01-24T11:17:16.152449+00:00' AIRFLOW_CTX_TRY_NUMBER='1' AIRFLOW_CTX_DAG_RUN_ID='manual__2026-01-24T11:17:16.152449+00:00'
[2026-01-24T11:17:17.648+0000] {taskinstance.py:430} INFO - ::endgroup::
[2026-01-24T11:17:17.659+0000] {logging_mixin.py:188} INFO - Предупреждение: файл /data/crm/users.csv не найден
[2026-01-24T11:17:17.660+0000] {logging_mixin.py:188} INFO - Предупреждение: файл /data/crm/orders.csv не найден
[2026-01-24T11:17:17.660+0000] {logging_mixin.py:188} INFO - Предупреждение: файл /data/crm/maintenance_history.csv не найден
[2026-01-24T11:17:17.661+0000] {python.py:237} INFO - Done. Returned value was: {}
[2026-01-24T11:17:17.661+0000] {taskinstance.py:441} INFO - ::group::Post task execution logs
[2026-01-24T11:17:17.715+0000] {taskinstance.py:1206} INFO - Marking task as SUCCESS. dag_id=reports_etl_dag, task_id=extract_crm_data, run_id=manual__2026-01-24T11:17:16.152449+00:00, execution_date=20260124T111716, start_date=20260124T111717, end_date=20260124T111717
[2026-01-24T11:17:17.741+0000] {local_task_job_runner.py:240} INFO - Task exited with return code 0
[2026-01-24T11:17:17.780+0000] {taskinstance.py:3498} INFO - 0 downstream tasks scheduled from follow-on schedule check
[2026-01-24T11:17:17.782+0000] {local_task_job_runner.py:222} INFO - ::endgroup::
