[2026-01-24T18:54:02.925+0000] {local_task_job_runner.py:120} INFO - ::group::Pre task execution logs
[2026-01-24T18:54:02.966+0000] {taskinstance.py:2076} INFO - Dependencies all met for dep_context=non-requeueable deps ti=<TaskInstance: reports_etl_dag.load_to_clickhouse scheduled__2026-01-24T18:51:00+00:00 [queued]>
[2026-01-24T18:54:02.974+0000] {taskinstance.py:2076} INFO - Dependencies all met for dep_context=requeueable deps ti=<TaskInstance: reports_etl_dag.load_to_clickhouse scheduled__2026-01-24T18:51:00+00:00 [queued]>
[2026-01-24T18:54:02.974+0000] {taskinstance.py:2306} INFO - Starting attempt 1 of 3
[2026-01-24T18:54:02.987+0000] {taskinstance.py:2330} INFO - Executing <Task(PythonOperator): load_to_clickhouse> on 2026-01-24 18:51:00+00:00
[2026-01-24T18:54:02.992+0000] {standard_task_runner.py:63} INFO - Started process 254 to run task
[2026-01-24T18:54:02.995+0000] {standard_task_runner.py:90} INFO - Running: ['***', 'tasks', 'run', 'reports_etl_dag', 'load_to_clickhouse', 'scheduled__2026-01-24T18:51:00+00:00', '--job-id', '272', '--raw', '--subdir', 'DAGS_FOLDER/reports_etl_dag.py', '--cfg-path', '/tmp/tmp6xk8b_4t']
[2026-01-24T18:54:02.996+0000] {standard_task_runner.py:91} INFO - Job 272: Subtask load_to_clickhouse
[2026-01-24T18:54:03.084+0000] {task_command.py:426} INFO - Running <TaskInstance: reports_etl_dag.load_to_clickhouse scheduled__2026-01-24T18:51:00+00:00 [running]> on host ce9110ae54d2
[2026-01-24T18:54:03.226+0000] {taskinstance.py:2648} INFO - Exporting env vars: AIRFLOW_CTX_DAG_OWNER='bionicpro' AIRFLOW_CTX_DAG_ID='reports_etl_dag' AIRFLOW_CTX_TASK_ID='load_to_clickhouse' AIRFLOW_CTX_EXECUTION_DATE='2026-01-24T18:51:00+00:00' AIRFLOW_CTX_TRY_NUMBER='1' AIRFLOW_CTX_DAG_RUN_ID='scheduled__2026-01-24T18:51:00+00:00'
[2026-01-24T18:54:03.227+0000] {taskinstance.py:430} INFO - ::endgroup::
[2026-01-24T18:54:03.240+0000] {logging_mixin.py:188} WARNING - /home/***/.local/lib/python3.9/site-packages/***/utils/context.py:320 AirflowContextDeprecationWarning: Accessing 'execution_date' from the template is deprecated and will be removed in a future version. Please use 'data_interval_start' or 'logical_date' instead.
[2026-01-24T18:54:03.297+0000] {logging_mixin.py:188} INFO - Таблица user_reports_mart создана или уже существует
[2026-01-24T18:54:03.311+0000] {logging_mixin.py:188} INFO - Загружено 6 записей в ClickHouse таблицу user_reports_mart
[2026-01-24T18:54:03.314+0000] {logging_mixin.py:188} INFO - Всего записей в витрине: 12
[2026-01-24T18:54:03.315+0000] {python.py:237} INFO - Done. Returned value was: None
[2026-01-24T18:54:03.315+0000] {taskinstance.py:441} INFO - ::group::Post task execution logs
[2026-01-24T18:54:03.338+0000] {taskinstance.py:1206} INFO - Marking task as SUCCESS. dag_id=reports_etl_dag, task_id=load_to_clickhouse, run_id=scheduled__2026-01-24T18:51:00+00:00, execution_date=20260124T185100, start_date=20260124T185402, end_date=20260124T185403
[2026-01-24T18:54:03.369+0000] {local_task_job_runner.py:240} INFO - Task exited with return code 0
[2026-01-24T18:54:03.401+0000] {taskinstance.py:3498} INFO - 0 downstream tasks scheduled from follow-on schedule check
[2026-01-24T18:54:03.403+0000] {local_task_job_runner.py:222} INFO - ::endgroup::
