[2026-01-24T19:03:04.814+0000] {local_task_job_runner.py:120} INFO - ::group::Pre task execution logs
[2026-01-24T19:03:04.860+0000] {taskinstance.py:2076} INFO - Dependencies all met for dep_context=non-requeueable deps ti=<TaskInstance: reports_etl_dag.load_to_clickhouse scheduled__2026-01-24T19:00:00+00:00 [queued]>
[2026-01-24T19:03:04.868+0000] {taskinstance.py:2076} INFO - Dependencies all met for dep_context=requeueable deps ti=<TaskInstance: reports_etl_dag.load_to_clickhouse scheduled__2026-01-24T19:00:00+00:00 [queued]>
[2026-01-24T19:03:04.869+0000] {taskinstance.py:2306} INFO - Starting attempt 1 of 3
[2026-01-24T19:03:04.882+0000] {taskinstance.py:2330} INFO - Executing <Task(PythonOperator): load_to_clickhouse> on 2026-01-24 19:00:00+00:00
[2026-01-24T19:03:04.887+0000] {standard_task_runner.py:63} INFO - Started process 625 to run task
[2026-01-24T19:03:04.890+0000] {standard_task_runner.py:90} INFO - Running: ['***', 'tasks', 'run', 'reports_etl_dag', 'load_to_clickhouse', 'scheduled__2026-01-24T19:00:00+00:00', '--job-id', '285', '--raw', '--subdir', 'DAGS_FOLDER/reports_etl_dag.py', '--cfg-path', '/tmp/tmph6fyezal']
[2026-01-24T19:03:04.892+0000] {standard_task_runner.py:91} INFO - Job 285: Subtask load_to_clickhouse
[2026-01-24T19:03:04.983+0000] {task_command.py:426} INFO - Running <TaskInstance: reports_etl_dag.load_to_clickhouse scheduled__2026-01-24T19:00:00+00:00 [running]> on host ce9110ae54d2
[2026-01-24T19:03:05.135+0000] {taskinstance.py:2648} INFO - Exporting env vars: AIRFLOW_CTX_DAG_OWNER='bionicpro' AIRFLOW_CTX_DAG_ID='reports_etl_dag' AIRFLOW_CTX_TASK_ID='load_to_clickhouse' AIRFLOW_CTX_EXECUTION_DATE='2026-01-24T19:00:00+00:00' AIRFLOW_CTX_TRY_NUMBER='1' AIRFLOW_CTX_DAG_RUN_ID='scheduled__2026-01-24T19:00:00+00:00'
[2026-01-24T19:03:05.136+0000] {taskinstance.py:430} INFO - ::endgroup::
[2026-01-24T19:03:05.150+0000] {logging_mixin.py:188} WARNING - /home/***/.local/lib/python3.9/site-packages/***/utils/context.py:320 AirflowContextDeprecationWarning: Accessing 'execution_date' from the template is deprecated and will be removed in a future version. Please use 'data_interval_start' or 'logical_date' instead.
[2026-01-24T19:03:05.210+0000] {logging_mixin.py:188} INFO - Таблица user_reports_mart создана или уже существует
[2026-01-24T19:03:05.224+0000] {logging_mixin.py:188} INFO - Загружено 6 записей в ClickHouse таблицу user_reports_mart
[2026-01-24T19:03:05.228+0000] {logging_mixin.py:188} INFO - Всего записей в витрине: 36
[2026-01-24T19:03:05.229+0000] {python.py:237} INFO - Done. Returned value was: None
[2026-01-24T19:03:05.229+0000] {taskinstance.py:441} INFO - ::group::Post task execution logs
[2026-01-24T19:03:05.251+0000] {taskinstance.py:1206} INFO - Marking task as SUCCESS. dag_id=reports_etl_dag, task_id=load_to_clickhouse, run_id=scheduled__2026-01-24T19:00:00+00:00, execution_date=20260124T190000, start_date=20260124T190304, end_date=20260124T190305
[2026-01-24T19:03:05.308+0000] {local_task_job_runner.py:240} INFO - Task exited with return code 0
[2026-01-24T19:03:05.341+0000] {taskinstance.py:3498} INFO - 0 downstream tasks scheduled from follow-on schedule check
[2026-01-24T19:03:05.343+0000] {local_task_job_runner.py:222} INFO - ::endgroup::
